
=================== SYSTEM BOOT / POWER ON ===================
[2000-01-01 00:00:00.708] [INFO] [MAIN] [TRACE ENTER] main()
[2000-01-01 00:00:00.910] [INFO] [CONFIG] [TRACE ENTER] load_config()
[2000-01-01 00:00:01.129] [INFO] [CONFIG] Файл config.json быстро загружен.
[2000-01-01 00:00:01.146] [INFO] [CONFIG] [TRACE EXIT] load_config
[2000-01-01 00:00:02.070] [INFO] [BOOT_AUDIO] [TRACE ENTER] run_boot_audio()
[2000-01-01 00:00:02.092] [INFO] [BOOT_AUDIO] === [HAL] Запуск автономной стартовой аудиосистемы по питанию ===
[2000-01-01 00:00:02.098] [INFO] [BOOT_AUDIO] [TRACE ENTER] StandaloneBootPlayer.__init__()
[2000-01-01 00:00:02.115] [INFO] [BOOT_AUDIO] [TRACE EXIT] StandaloneBootPlayer.__init__
[2000-01-01 00:00:02.123] [INFO] [BOOT_AUDIO] [TRACE ENTER] StandaloneBootPlayer.play(filepath=None)
[2000-01-01 00:00:02.245] [INFO] [AUDIO_UTILS] [TRACE ENTER] play_audio_track(mode=boot, filepath=None, ibuf=16384)
[2000-01-01 00:00:02.284] [INFO] [AUDIO_UTILS] Открытие аудиофайла /media/bell.wav [BOOT MODE]...
[2000-01-01 00:00:03.134] [INFO] [AUDIO_UTILS] Пины I2S: BCK=15, WS=16, SD=17, ID=0
[2000-01-01 00:00:03.152] [INFO] [AUDIO_UTILS] Параметры сессии: повторов=2, лимит=20s, fade=2000ms, resume=True, start_pos=2416680B (13.7s)
[2000-01-01 00:00:03.172] [INFO] [AUDIO_UTILS] Запуск итерации проигрывания 1/2...
[2000-01-01 00:00:03.212] [INFO] [AUDIO_UTILS] [TRACE ENTER] stream_wav(start_pos_bytes=2416680, start_pos_sec=13.7, max_ms=20000, fade_ms=2000)
[2000-01-01 00:00:03.224] [INFO] [AUDIO_UTILS] [TRACE ENTER] parse_wav_header()
[2000-01-01 00:00:03.262] [INFO] [AUDIO_UTILS] [TRACE EXIT] parse_wav_header -> channels=1, rate=32000, bits=16, data_size=4194260, data_offset=44
[2000-01-01 00:00:03.276] [INFO] [AUDIO_UTILS] Параметры WAV: 32000 Hz, 16 bit, channels=1, data=4194260 B
[2000-01-01 00:00:03.312] [INFO] [AUDIO_UTILS] [TRACE ENTER] init_hardware_i2s(rate=32000, bits=16, channels=2, ibuf=16384, pins=(15,16,17,0))
[2000-01-01 00:00:03.342] [INFO] [AUDIO_UTILS] Конфигурирование I2S (Rate=32000Hz, Bits=16, Format=1, Buffer=16384B)...
[2000-01-01 00:00:03.375] [INFO] [AUDIO_UTILS] [TRACE EXIT] init_hardware_i2s
[2000-01-01 00:00:03.393] [INFO] [AUDIO_UTILS] Возобновление WAV с позиции 2416680 B / 13.7 сек
[2000-01-01 00:00:22.342] [INFO] [AUDIO_UTILS] Достигнут лимит времени воспроизведения (20000 ms)
[2000-01-01 00:00:22.360] [INFO] [AUDIO_UTILS] [TRACE EXIT] stream_wav -> True
[2000-01-01 00:00:22.402] [INFO] [AUDIO_UTILS] Прерывание цикла повторов по лимиту времени.
[2000-01-01 00:00:22.422] [INFO] [AUDIO_UTILS] [TRACE ENTER] save_position_to_config(pos_bytes=3629096, pos_sec=56.703936)
[2000-01-01 00:00:22.522] [INFO] [AUDIO_UTILS] Сохранена позиция воспроизведения в config.json: 3629096 B (56.7 сек)
[2000-01-01 00:00:22.543] [INFO] [AUDIO_UTILS] [TRACE EXIT] save_position_to_config
[2000-01-01 00:00:22.573] [INFO] [AUDIO_UTILS] [TRACE ENTER] deinit_hardware_i2s()
[2000-01-01 00:00:22.614] [INFO] [AUDIO_UTILS] [TRACE EXIT] deinit_hardware_i2s
[2000-01-01 00:00:22.652] [INFO] [AUDIO_UTILS] Воспроизведение аудиофайла полностью завершено, I2S освобожден.
[2000-01-01 00:00:22.686] [INFO] [AUDIO_UTILS] [TRACE EXIT] play_audio_track -> True
[2000-01-01 00:00:22.720] [INFO] [BOOT_AUDIO] [TRACE EXIT] StandaloneBootPlayer.play -> True
[2000-01-01 00:00:22.765] [INFO] [BOOT_AUDIO] [TRACE EXIT] run_boot_audio -> completed
[2000-01-01 00:00:22.812] [INFO] [MAIN] Загрузка тяжелых сетевых и асинхронных модулей...
[2000-01-01 00:00:23.155] [INFO] [SECURITY]  Entering __init__ SecurityManager(ttl_seconds=60)
[2000-01-01 00:00:23.198] [INFO] [SECURITY]  Exiting __init__ SecurityManager: TTL for Nonce = 60 seconds
[2000-01-01 00:00:23.365] [INFO] [POWER_MGR] [TRACE ENTER] PowerManager.__init__(pin_num=4)
[2000-01-01 00:00:23.409] [INFO] [POWER_MGR] [TRACE EXIT] PowerManager.__init__
[2000-01-01 00:00:24.589] [INFO] [AUDIO] [TRACE ENTER] AudioPlayer.__init__()
[2000-01-01 00:00:24.605] [INFO] [AUDIO] [TRACE EXIT] AudioPlayer.__init__
[2000-01-01 00:00:24.622] [INFO] [MAIN] Инициализация сетевых интерфейсов и веб-сервера Microdot...
[2000-01-01 00:00:24.628] [INFO] [NETWORK] [TRACE ENTER] setup_network()
[2000-01-01 00:00:24.635] [INFO] [NETWORK] Установлено сетевое имя устройства (mDNS): bell555
[2000-01-01 00:00:25.642] [INFO] [SECURITY]  Entering decrypt_str
[2000-01-01 00:00:25.650] [INFO] [SECURITY]  Entering _get_aes_key_and_iv
[2000-01-01 00:00:25.658] [INFO] [SECURITY]  Exiting _get_aes_key_and_iv
[2000-01-01 00:00:25.699] [INFO] [SECURITY]  Exiting decrypt_str
[2000-01-01 00:00:25.915] [INFO] [NETWORK] Подключение к роутеру 'MyHome_555'...
[2000-01-01 00:00:29.363] [INFO] [NETWORK] Подключено к роутеру! Выделенный IP: 192.168.0.190
[2000-01-01 00:00:29.411] [INFO] [NETWORK] [TRACE EXIT] setup_network -> STA, 192.168.0.190
[2000-01-01 00:00:29.462] [INFO] [POWER_MGR] [TRACE ENTER] PowerManager.start_hardware_timeout(mode=STA, timeout_sec=10)
[2000-01-01 00:00:29.512] [INFO] [POWER_MGR] [TRACE ENTER] PowerManager.set_timeout(timeout_sec=10)
[2000-01-01 00:00:29.563] [INFO] [POWER_MGR] [TRACE ENTER] PowerManager.notify_activity()
[2000-01-01 00:00:29.613] [INFO] [POWER_MGR] [TRACE EXIT] PowerManager.notify_activity
[2000-01-01 00:00:29.664] [INFO] [INDICATOR] [TRACE ENTER] set_led_mode(mode=police)
[2000-01-01 00:00:29.722] [INFO] [INDICATOR] [INDICATOR] Режим индикации успешно переключен на: 'police'
[2000-01-01 00:00:29.785] [INFO] [INDICATOR] [TRACE EXIT] set_led_mode
[2000-01-01 00:00:29.836] [INFO] [POWER_MGR] [POWER_MGR] Новый таймаут: 10 сек.
[2000-01-01 00:00:29.887] [INFO] [POWER_MGR] [TRACE EXIT] PowerManager.set_timeout
[2000-01-01 00:00:29.940] [INFO] [POWER_MGR] [TRACE EXIT] PowerManager.start_hardware_timeout
[2000-01-01 00:00:30.052] [INFO] [SERVER] [TRACE ENTER] init_server(config_keys=['repeat_count', 'i2s_ws_pin', 'server_host', 'i2s_bck_pin', 'smart_timeout_sec', 'max_file_size', 'hostname', 'ap_ssid', 'last_play_pos_bytes', 'wifi_ssid', 'boot_mode', 'allowed_origins', 'i2s_id', 'server_port', 'fade_out_ms', 'i2s_sd_pin', 'html_index_path', 'last_play_pos_sec', 'media_dir', 'wifi_password', 'key_path', 'ap_ip', 'allowed_extensions', 'upload_password', 'resume_playback', 'encrypted_fields', 'cert_path', 'target_filename', 'ap_password', 'max_play_duration_sec'])
[2000-01-01 00:00:30.111] [INFO] [SECURITY]  Entering __init__ SecurityManager(ttl_seconds=60)
[2000-01-01 00:00:30.183] [INFO] [SECURITY]  Exiting __init__ SecurityManager: TTL for Nonce = 60 seconds
[2000-01-01 00:00:30.255] [INFO] [SERVER] [TRACE EXIT] init_server -> app ready
[2000-01-01 00:00:30.324] [INFO] [MAIN] Запуск Microdot веб-сервера на 0.0.0.0:443...
[2000-01-01 00:00:30.404] [INFO] [MAIN] Доступ к панели управления по IP: https://192.168.0.190
[2000-01-01 00:00:31.722] [INFO] [MAIN] Доступ к панели управления по имени: https://bell555 или https://bell555.local
[2000-01-01 00:00:31.796] [INFO] [SERVER] [TRACE ENTER] start_server(host=0.0.0.0, port=443)
[2000-01-01 00:00:31.887] [INFO] [SERVER] Запуск Microdot HTTPS на 0.0.0.0:443...
[2000-01-01 00:00:31.978] [INFO] [INDICATOR] [TRACE ENTER] start_led_loop(pin_num=48)
[2000-01-01 00:00:39.952] [INFO] [POWER_MGR] [SMART TIMEOUT END] Выход с обесточиванием системы (10 сек без активности)...
[2000-01-01 00:00:40.029] [INFO] [POWER_MGR] [TRACE ENTER] PowerManager.shutdown()
[2000-01-01 00:00:40.112] [INFO] [POWER_MGR] [RELAY OFF] Отключение реле: Система обесточивается (GPIO4 = LOW)

=================== SYSTEM BOOT / POWER ON ===================
[2000-01-01 00:00:00.494] [INFO] [MAIN] [TRACE ENTER] main()
[2000-01-01 00:00:00.632] [INFO] [CONFIG] [TRACE ENTER] load_config()
[2000-01-01 00:00:00.707] [INFO] [CONFIG] Файл config.json быстро загружен.
[2000-01-01 00:00:00.765] [INFO] [CONFIG] [TRACE EXIT] load_config
[2000-01-01 00:00:01.381] [INFO] [BOOT_AUDIO] [TRACE ENTER] run_boot_audio()
[2000-01-01 00:00:01.442] [INFO] [BOOT_AUDIO] === [HAL] Запуск автономной стартовой аудиосистемы по питанию ===
[2000-01-01 00:00:01.487] [INFO] [BOOT_AUDIO] [TRACE ENTER] StandaloneBootPlayer.__init__()
[2000-01-01 00:00:01.537] [INFO] [BOOT_AUDIO] [TRACE EXIT] StandaloneBootPlayer.__init__
[2000-01-01 00:00:01.588] [INFO] [BOOT_AUDIO] [TRACE ENTER] StandaloneBootPlayer.play(filepath=None)
[2000-01-01 00:00:01.693] [INFO] [AUDIO_UTILS] [TRACE ENTER] play_audio_track(mode=boot, filepath=None, ibuf=16384)
[2000-01-01 00:00:01.760] [INFO] [AUDIO_UTILS] Открытие аудиофайла /media/bell.wav [BOOT MODE]...
[2000-01-01 00:00:01.810] [INFO] [AUDIO_UTILS] Пины I2S: BCK=15, WS=16, SD=17, ID=0
[2000-01-01 00:00:01.872] [INFO] [AUDIO_UTILS] Параметры сессии: повторов=2, лимит=20s, fade=2000ms, resume=True, start_pos=3629096B (56.7s)
[2000-01-01 00:00:01.922] [INFO] [AUDIO_UTILS] Запуск итерации проигрывания 1/2...
[2000-01-01 00:00:01.992] [INFO] [AUDIO_UTILS] [TRACE ENTER] stream_wav(start_pos_bytes=3629096, start_pos_sec=56.7, max_ms=20000, fade_ms=2000)
[2000-01-01 00:00:02.043] [INFO] [AUDIO_UTILS] [TRACE ENTER] parse_wav_header()
[2000-01-01 00:00:02.102] [INFO] [AUDIO_UTILS] [TRACE EXIT] parse_wav_header -> channels=1, rate=32000, bits=16, data_size=4194260, data_offset=44
[2000-01-01 00:00:02.154] [INFO] [AUDIO_UTILS] Параметры WAV: 32000 Hz, 16 bit, channels=1, data=4194260 B
[2000-01-01 00:00:02.212] [INFO] [AUDIO_UTILS] [TRACE ENTER] init_hardware_i2s(rate=32000, bits=16, channels=2, ibuf=16384, pins=(15,16,17,0))
[2000-01-01 00:00:02.282] [INFO] [AUDIO_UTILS] Конфигурирование I2S (Rate=32000Hz, Bits=16, Format=1, Buffer=16384B)...
[2000-01-01 00:00:02.363] [INFO] [AUDIO_UTILS] [TRACE EXIT] init_hardware_i2s
[2000-01-01 00:00:02.418] [INFO] [AUDIO_UTILS] Возобновление WAV с позиции 3629096 B / 56.7 сек
[2000-01-01 00:00:11.262] [INFO] [AUDIO_UTILS] Достигнут конец PCM-данных (data_size). Завершение проигрывания.
[2000-01-01 00:00:11.319] [INFO] [AUDIO_UTILS] [TRACE EXIT] stream_wav -> True
[2000-01-01 00:00:11.380] [INFO] [AUDIO_UTILS] Запуск итерации проигрывания 2/2...
[2000-01-01 00:00:11.462] [INFO] [AUDIO_UTILS] [TRACE ENTER] stream_wav(start_pos_bytes=0, start_pos_sec=0.0, max_ms=20000, fade_ms=2000)
[2000-01-01 00:00:11.521] [INFO] [AUDIO_UTILS] [TRACE ENTER] parse_wav_header()
[2000-01-01 00:00:11.602] [INFO] [AUDIO_UTILS] [TRACE EXIT] parse_wav_header -> channels=1, rate=32000, bits=16, data_size=4194260, data_offset=44
[2000-01-01 00:00:11.663] [INFO] [AUDIO_UTILS] Параметры WAV: 32000 Hz, 16 bit, channels=1, data=4194260 B
[2000-01-01 00:00:11.742] [INFO] [AUDIO_UTILS] [TRACE ENTER] init_hardware_i2s(rate=32000, bits=16, channels=2, ibuf=16384, pins=(15,16,17,0))
[2000-01-01 00:00:11.822] [INFO] [AUDIO_UTILS] Конфигурирование I2S (Rate=32000Hz, Bits=16, Format=1, Buffer=16384B)...
[2000-01-01 00:00:11.911] [INFO] [AUDIO_UTILS] [TRACE EXIT] init_hardware_i2s
[2000-01-01 00:00:21.802] [INFO] [AUDIO_UTILS] Достигнут лимит времени воспроизведения (20000 ms)
[2000-01-01 00:00:21.876] [INFO] [AUDIO_UTILS] [TRACE EXIT] stream_wav -> True
[2000-01-01 00:00:21.947] [INFO] [AUDIO_UTILS] [TRACE ENTER] save_position_to_config(pos_bytes=630828, pos_sec=9.856)
[2000-01-01 00:00:22.152] [INFO] [AUDIO_UTILS] Сохранена позиция воспроизведения в config.json: 630828 B (9.86 сек)
[2000-01-01 00:00:22.228] [INFO] [AUDIO_UTILS] [TRACE EXIT] save_position_to_config
[2000-01-01 00:00:22.354] [INFO] [AUDIO_UTILS] [TRACE ENTER] deinit_hardware_i2s()
[2000-01-01 00:00:22.395] [INFO] [AUDIO_UTILS] [TRACE EXIT] deinit_hardware_i2s
[2000-01-01 00:00:22.452] [INFO] [AUDIO_UTILS] Воспроизведение аудиофайла полностью завершено, I2S освобожден.
[2000-01-01 00:00:22.496] [INFO] [AUDIO_UTILS] [TRACE EXIT] play_audio_track -> True
[2000-01-01 00:00:22.547] [INFO] [BOOT_AUDIO] [TRACE EXIT] StandaloneBootPlayer.play -> True
[2000-01-01 00:00:22.597] [INFO] [BOOT_AUDIO] [TRACE EXIT] run_boot_audio -> completed
[2000-01-01 00:00:22.662] [INFO] [MAIN] Загрузка тяжелых сетевых и асинхронных модулей...
[2000-01-01 00:00:23.193] [INFO] [SECURITY]  Entering __init__ SecurityManager(ttl_seconds=60)
[2000-01-01 00:00:23.249] [INFO] [SECURITY]  Exiting __init__ SecurityManager: TTL for Nonce = 60 seconds
[2000-01-01 00:00:23.495] [INFO] [POWER_MGR] [TRACE ENTER] PowerManager.__init__(pin_num=4)
[2000-01-01 00:00:23.550] [INFO] [POWER_MGR] [TRACE EXIT] PowerManager.__init__
[2000-01-01 00:00:25.385] [INFO] [AUDIO] [TRACE ENTER] AudioPlayer.__init__()
[2000-01-01 00:00:25.441] [INFO] [AUDIO] [TRACE EXIT] AudioPlayer.__init__
[2000-01-01 00:00:25.502] [INFO] [MAIN] Инициализация сетевых интерфейсов и веб-сервера Microdot...
[2000-01-01 00:00:25.552] [INFO] [NETWORK] [TRACE ENTER] setup_network()
[2000-01-01 00:00:25.603] [INFO] [NETWORK] Установлено сетевое имя устройства (mDNS): bell555
[2000-01-01 00:00:26.654] [INFO] [SECURITY]  Entering decrypt_str
[2000-01-01 00:00:26.704] [INFO] [SECURITY]  Entering _get_aes_key_and_iv
[2000-01-01 00:00:26.755] [INFO] [SECURITY]  Exiting _get_aes_key_and_iv
[2000-01-01 00:00:26.815] [INFO] [SECURITY]  Exiting decrypt_str
[2000-01-01 00:00:27.025] [INFO] [NETWORK] Подключение к роутеру 'MyHome_555'...
[2000-01-01 00:00:29.290] [INFO] [NETWORK] Подключено к роутеру! Выделенный IP: 192.168.0.190
[2000-01-01 00:00:29.348] [INFO] [NETWORK] [TRACE EXIT] setup_network -> STA, 192.168.0.190
[2000-01-01 00:00:29.409] [INFO] [POWER_MGR] [TRACE ENTER] PowerManager.start_hardware_timeout(mode=STA, timeout_sec=10)
[2000-01-01 00:00:29.469] [INFO] [POWER_MGR] [TRACE ENTER] PowerManager.set_timeout(timeout_sec=10)
[2000-01-01 00:00:29.530] [INFO] [POWER_MGR] [TRACE ENTER] PowerManager.notify_activity()
[2000-01-01 00:00:29.591] [INFO] [POWER_MGR] [TRACE EXIT] PowerManager.notify_activity
[2000-01-01 00:00:29.661] [INFO] [INDICATOR] [TRACE ENTER] set_led_mode(mode=police)
[2000-01-01 00:00:29.742] [INFO] [INDICATOR] [INDICATOR] Режим индикации успешно переключен на: 'police'
[2000-01-01 00:00:29.802] [INFO] [INDICATOR] [TRACE EXIT] set_led_mode
[2000-01-01 00:00:29.884] [INFO] [POWER_MGR] [POWER_MGR] Новый таймаут: 10 сек.
[2000-01-01 00:00:29.954] [INFO] [POWER_MGR] [TRACE EXIT] PowerManager.set_timeout
[2000-01-01 00:00:30.024] [INFO] [POWER_MGR] [TRACE EXIT] PowerManager.start_hardware_timeout
[2000-01-01 00:00:30.102] [INFO] [SERVER] [TRACE ENTER] init_server(config_keys=['repeat_count', 'i2s_ws_pin', 'server_host', 'i2s_bck_pin', 'smart_timeout_sec', 'max_file_size', 'hostname', 'ap_ssid', 'last_play_pos_bytes', 'wifi_ssid', 'boot_mode', 'allowed_origins', 'i2s_id', 'server_port', 'fade_out_ms', 'i2s_sd_pin', 'html_index_path', 'last_play_pos_sec', 'media_dir', 'wifi_password', 'key_path', 'ap_ip', 'allowed_extensions', 'upload_password', 'resume_playback', 'encrypted_fields', 'cert_path', 'target_filename', 'ap_password', 'max_play_duration_sec'])
[2000-01-01 00:00:30.138] [INFO] [SECURITY]  Entering __init__ SecurityManager(ttl_seconds=60)
[2000-01-01 00:00:30.178] [INFO] [SECURITY]  Exiting __init__ SecurityManager: TTL for Nonce = 60 seconds
[2000-01-01 00:00:30.230] [INFO] [SERVER] [TRACE EXIT] init_server -> app ready
[2000-01-01 00:00:30.270] [INFO] [MAIN] Запуск Microdot веб-сервера на 0.0.0.0:443...
[2000-01-01 00:00:30.321] [INFO] [MAIN] Доступ к панели управления по IP: https://192.168.0.190
[2000-01-01 00:00:30.342] [INFO] [MAIN] Доступ к панели управления по имени: https://bell555 или https://bell555.local
[2000-01-01 00:00:30.348] [INFO] [SERVER] [TRACE ENTER] start_server(host=0.0.0.0, port=443)
[2000-01-01 00:00:30.390] [INFO] [SERVER] Запуск Microdot HTTPS на 0.0.0.0:443...
[2000-01-01 00:00:30.408] [INFO] [INDICATOR] [TRACE ENTER] start_led_loop(pin_num=48)
[2000-01-01 00:00:40.032] [INFO] [POWER_MGR] [SMART TIMEOUT END] Выход с обесточиванием системы (10 сек без активности)...
[2000-01-01 00:00:40.040] [INFO] [POWER_MGR] [TRACE ENTER] PowerManager.shutdown()
[2000-01-01 00:00:40.062] [INFO] [POWER_MGR] [RELAY OFF] Отключение реле: Система обесточивается (GPIO4 = LOW)
[2000-01-01 00:00:40.172] [INFO] [POWER_MGR] ================= [TRACE EXIT] PowerManager.shutdown =================

=================== SYSTEM BOOT / POWER ON ===================
[2000-01-01 00:00:00.701] [INFO] [MAIN] [TRACE ENTER] main()
[2000-01-01 00:00:00.929] [INFO] [CONFIG] [TRACE ENTER] load_config()
[2000-01-01 00:00:01.024] [INFO] [CONFIG] Файл config.json быстро загружен.
[2000-01-01 00:00:01.082] [INFO] [CONFIG] [TRACE EXIT] load_config
[2000-01-01 00:00:01.991] [INFO] [BOOT_AUDIO] [TRACE ENTER] run_boot_audio()
[2000-01-01 00:00:02.062] [INFO] [BOOT_AUDIO] === [HAL] Запуск автономной стартовой аудиосистемы по питанию ===
[2000-01-01 00:00:02.124] [INFO] [BOOT_AUDIO] [TRACE ENTER] StandaloneBootPlayer.__init__()
[2000-01-01 00:00:02.174] [INFO] [BOOT_AUDIO] [TRACE EXIT] StandaloneBootPlayer.__init__
[2000-01-01 00:00:02.235] [INFO] [BOOT_AUDIO] [TRACE ENTER] StandaloneBootPlayer.play(filepath=None)
[2000-01-01 00:00:02.396] [INFO] [AUDIO_UTILS] [TRACE ENTER] play_audio_track(mode=boot, filepath=None, ibuf=16384)
[2000-01-01 00:00:02.488] [INFO] [AUDIO_UTILS] Открытие аудиофайла /media/bell.wav [BOOT MODE]...
[2000-01-01 00:00:02.557] [INFO] [AUDIO_UTILS] Пины I2S: BCK=15, WS=16, SD=17, ID=0
[2000-01-01 00:00:02.632] [INFO] [AUDIO_UTILS] Параметры сессии: повторов=2, лимит=20s, fade=2000ms, resume=True, start_pos=630828B (9.86s)
[2000-01-01 00:00:02.688] [INFO] [AUDIO_UTILS] Запуск итерации проигрывания 1/2...
[2000-01-01 00:00:02.772] [INFO] [AUDIO_UTILS] [TRACE ENTER] stream_wav(start_pos_bytes=630828, start_pos_sec=9.86, max_ms=20000, fade_ms=2000)
[2000-01-01 00:00:02.830] [INFO] [AUDIO_UTILS] [TRACE ENTER] parse_wav_header()
[2000-01-01 00:00:02.902] [INFO] [AUDIO_UTILS] [TRACE EXIT] parse_wav_header -> channels=1, rate=32000, bits=16, data_size=4194260, data_offset=44
[2000-01-01 00:00:02.971] [INFO] [AUDIO_UTILS] Параметры WAV: 32000 Hz, 16 bit, channels=1, data=4194260 B
[2000-01-01 00:00:03.052] [INFO] [AUDIO_UTILS] [TRACE ENTER] init_hardware_i2s(rate=32000, bits=16, channels=2, ibuf=16384, pins=(15,16,17,0))
[2000-01-01 00:00:03.122] [INFO] [AUDIO_UTILS] Конфигурирование I2S (Rate=32000Hz, Bits=16, Format=1, Buffer=16384B)...
[2000-01-01 00:00:04.071] [INFO] [AUDIO_UTILS] [TRACE EXIT] init_hardware_i2s
[2000-01-01 00:00:04.155] [INFO] [AUDIO_UTILS] Возобновление WAV с позиции 630828 B / 9.86 сек
[2000-01-01 00:00:22.532] [INFO] [AUDIO_UTILS] Достигнут лимит времени воспроизведения (20000 ms)
[2000-01-01 00:00:22.606] [INFO] [AUDIO_UTILS] [TRACE EXIT] stream_wav -> True
[2000-01-01 00:00:22.692] [INFO] [AUDIO_UTILS] Прерывание цикла повторов по лимиту времени.
[2000-01-01 00:00:22.767] [INFO] [AUDIO_UTILS] [TRACE ENTER] save_position_to_config(pos_bytes=1806380, pos_sec=28.224)
[2000-01-01 00:00:22.952] [INFO] [AUDIO_UTILS] Сохранена позиция воспроизведения в config.json: 1806380 B (28.22 сек)
[2000-01-01 00:00:23.084] [INFO] [AUDIO_UTILS] [TRACE EXIT] save_position_to_config
[2000-01-01 00:00:23.124] [INFO] [AUDIO_UTILS] [TRACE ENTER] deinit_hardware_i2s()
[2000-01-01 00:00:23.165] [INFO] [AUDIO_UTILS] [TRACE EXIT] deinit_hardware_i2s
[2000-01-01 00:00:23.222] [INFO] [AUDIO_UTILS] Воспроизведение аудиофайла полностью завершено, I2S освобожден.
[2000-01-01 00:00:23.276] [INFO] [AUDIO_UTILS] [TRACE EXIT] play_audio_track -> True
[2000-01-01 00:00:23.327] [INFO] [BOOT_AUDIO] [TRACE EXIT] StandaloneBootPlayer.play -> True
[2000-01-01 00:00:23.378] [INFO] [BOOT_AUDIO] [TRACE EXIT] run_boot_audio -> completed
[2000-01-01 00:00:23.442] [INFO] [MAIN] Загрузка тяжелых сетевых и асинхронных модулей...
[2000-01-01 00:00:23.751] [INFO] [SECURITY]  Entering __init__ SecurityManager(ttl_seconds=60)
[2000-01-01 00:00:23.809] [INFO] [SECURITY]  Exiting __init__ SecurityManager: TTL for Nonce = 60 seconds
[2000-01-01 00:00:23.973] [INFO] [POWER_MGR] [TRACE ENTER] PowerManager.__init__(pin_num=4)
[2000-01-01 00:00:24.031] [INFO] [POWER_MGR] [TRACE EXIT] PowerManager.__init__
[2000-01-01 00:00:25.174] [INFO] [AUDIO] [TRACE ENTER] AudioPlayer.__init__()
[2000-01-01 00:00:25.232] [INFO] [AUDIO] [TRACE EXIT] AudioPlayer.__init__
[2000-01-01 00:00:25.302] [INFO] [MAIN] Инициализация сетевых интерфейсов и веб-сервера Microdot...
[2000-01-01 00:00:25.353] [INFO] [NETWORK] [TRACE ENTER] setup_network()
[2000-01-01 00:00:25.404] [INFO] [NETWORK] Установлено сетевое имя устройства (mDNS): bell555
[2000-01-01 00:00:26.454] [INFO] [SECURITY]  Entering decrypt_str
[2000-01-01 00:00:26.505] [INFO] [SECURITY]  Entering _get_aes_key_and_iv
[2000-01-01 00:00:26.565] [INFO] [SECURITY]  Exiting _get_aes_key_and_iv
[2000-01-01 00:00:26.626] [INFO] [SECURITY]  Exiting decrypt_str
[2000-01-01 00:00:26.835] [INFO] [NETWORK] Подключение к роутеру 'MyHome_555'...
[2000-01-01 00:00:28.910] [INFO] [NETWORK] Подключено к роутеру! Выделенный IP: 192.168.0.190
[2000-01-01 00:00:28.968] [INFO] [NETWORK] [TRACE EXIT] setup_network -> STA, 192.168.0.190
[2000-01-01 00:00:29.030] [INFO] [POWER_MGR] [TRACE ENTER] PowerManager.start_hardware_timeout(mode=STA, timeout_sec=10)
[2000-01-01 00:00:29.100] [INFO] [POWER_MGR] [TRACE ENTER] PowerManager.set_timeout(timeout_sec=10)
[2000-01-01 00:00:29.160] [INFO] [POWER_MGR] [TRACE ENTER] PowerManager.notify_activity()
[2000-01-01 00:00:29.221] [INFO] [POWER_MGR] [TRACE EXIT] PowerManager.notify_activity
[2000-01-01 00:00:29.292] [INFO] [INDICATOR] [TRACE ENTER] set_led_mode(mode=police)
[2000-01-01 00:00:29.372] [INFO] [INDICATOR] [INDICATOR] Режим индикации успешно переключен на: 'police'
[2000-01-01 00:00:29.433] [INFO] [INDICATOR] [TRACE EXIT] set_led_mode
[2000-01-01 00:00:29.514] [INFO] [POWER_MGR] [POWER_MGR] Новый таймаут: 10 сек.
[2000-01-01 00:00:29.594] [INFO] [POWER_MGR] [TRACE EXIT] PowerManager.set_timeout
[2000-01-01 00:00:29.675] [INFO] [POWER_MGR] [TRACE EXIT] PowerManager.start_hardware_timeout
[2000-01-01 00:00:29.802] [INFO] [SERVER] [TRACE ENTER] init_server(config_keys=['repeat_count', 'i2s_ws_pin', 'server_host', 'i2s_bck_pin', 'smart_timeout_sec', 'max_file_size', 'hostname', 'ap_ssid', 'last_play_pos_bytes', 'wifi_ssid', 'boot_mode', 'allowed_origins', 'i2s_id', 'server_port', 'fade_out_ms', 'i2s_sd_pin', 'html_index_path', 'last_play_pos_sec', 'media_dir', 'wifi_password', 'key_path', 'ap_ip', 'allowed_extensions', 'upload_password', 'resume_playback', 'encrypted_fields', 'cert_path', 'target_filename', 'ap_password', 'max_play_duration_sec'])
[2000-01-01 00:00:29.878] [INFO] [SECURITY]  Entering __init__ SecurityManager(ttl_seconds=60)
[2000-01-01 00:00:29.960] [INFO] [SECURITY]  Exiting __init__ SecurityManager: TTL for Nonce = 60 seconds
[2000-01-01 00:00:30.096] [INFO] [SERVER] [TRACE EXIT] init_server -> app ready
[2000-01-01 00:00:30.145] [INFO] [MAIN] Запуск Microdot веб-сервера на 0.0.0.0:443...
[2000-01-01 00:00:30.195] [INFO] [MAIN] Доступ к панели управления по IP: https://192.168.0.190
[2000-01-01 00:00:30.252] [INFO] [MAIN] Доступ к панели управления по имени: https://bell555 или https://bell555.local
[2000-01-01 00:00:30.307] [INFO] [SERVER] [TRACE ENTER] start_server(host=0.0.0.0, port=443)
[2000-01-01 00:00:30.404] [INFO] [SERVER] Запуск Microdot HTTPS на 0.0.0.0:443...
[2000-01-01 00:00:30.458] [INFO] [INDICATOR] [TRACE ENTER] start_led_loop(pin_num=48)
[2000-01-01 00:00:39.682] [INFO] [POWER_MGR] [SMART TIMEOUT END] Выход с обесточиванием системы (10 сек без активности)...
[2000-01-01 00:00:39.729] [INFO] [POWER_MGR] [TRACE ENTER] PowerManager.shutdown()
[2000-01-01 00:00:39.792] [INFO] [POWER_MGR] [RELAY OFF] Отключение реле: Система обесточивается (GPIO4 = LOW)

=================== SYSTEM BOOT / POWER ON ===================
[2000-01-01 00:00:00.880] [INFO] [MAIN] [TRACE ENTER] main()
[2000-01-01 00:00:01.873] [INFO] [CONFIG] [TRACE ENTER] load_config()
[2000-01-01 00:00:01.950] [INFO] [CONFIG] Файл config.json быстро загружен.
[2000-01-01 00:00:02.012] [INFO] [CONFIG] [TRACE EXIT] load_config
[2000-01-01 00:00:02.534] [INFO] [BOOT_AUDIO] [TRACE ENTER] run_boot_audio()
[2000-01-01 00:00:02.602] [INFO] [BOOT_AUDIO] === [HAL] Запуск автономной стартовой аудиосистемы по питанию ===
[2000-01-01 00:00:02.653] [INFO] [BOOT_AUDIO] [TRACE ENTER] StandaloneBootPlayer.__init__()
[2000-01-01 00:00:02.704] [INFO] [BOOT_AUDIO] [TRACE EXIT] StandaloneBootPlayer.__init__
[2000-01-01 00:00:02.755] [INFO] [BOOT_AUDIO] [TRACE ENTER] StandaloneBootPlayer.play(filepath=None)
[2000-01-01 00:00:02.842] [INFO] [AUDIO_UTILS] [TRACE ENTER] play_audio_track(mode=boot, filepath=None, ibuf=16384)
[2000-01-01 00:00:02.913] [INFO] [AUDIO_UTILS] Открытие аудиофайла /media/bell.wav [BOOT MODE]...
[2000-01-01 00:00:02.977] [INFO] [AUDIO_UTILS] Пины I2S: BCK=15, WS=16, SD=17, ID=0
[2000-01-01 00:00:03.052] [INFO] [AUDIO_UTILS] Параметры сессии: повторов=2, лимит=20s, fade=2000ms, resume=True, start_pos=1806380B (28.22s)
[2000-01-01 00:00:03.108] [INFO] [AUDIO_UTILS] Запуск итерации проигрывания 1/2...
[2000-01-01 00:00:03.182] [INFO] [AUDIO_UTILS] [TRACE ENTER] stream_wav(start_pos_bytes=1806380, start_pos_sec=28.22, max_ms=20000, fade_ms=2000)
[2000-01-01 00:00:03.240] [INFO] [AUDIO_UTILS] [TRACE ENTER] parse_wav_header()
[2000-01-01 00:00:03.312] [INFO] [AUDIO_UTILS] [TRACE EXIT] parse_wav_header -> channels=1, rate=32000, bits=16, data_size=4194260, data_offset=44
[2000-01-01 00:00:03.371] [INFO] [AUDIO_UTILS] Параметры WAV: 32000 Hz, 16 bit, channels=1, data=4194260 B
[2000-01-01 00:00:03.682] [INFO] [AUDIO_UTILS] [TRACE ENTER] init_hardware_i2s(rate=32000, bits=16, channels=2, ibuf=16384, pins=(15,16,17,0))
[2000-01-01 00:00:03.762] [INFO] [AUDIO_UTILS] Конфигурирование I2S (Rate=32000Hz, Bits=16, Format=1, Buffer=16384B)...
[2000-01-01 00:00:03.860] [INFO] [AUDIO_UTILS] [TRACE EXIT] init_hardware_i2s
[2000-01-01 00:00:03.935] [INFO] [AUDIO_UTILS] Возобновление WAV с позиции 1806380 B / 28.22 сек
[2000-01-01 00:00:22.952] [INFO] [AUDIO_UTILS] Достигнут лимит времени воспроизведения (20000 ms)
[2000-01-01 00:00:23.035] [INFO] [AUDIO_UTILS] [TRACE EXIT] stream_wav -> True
[2000-01-01 00:00:23.122] [INFO] [AUDIO_UTILS] Прерывание цикла повторов по лимиту времени.
[2000-01-01 00:00:23.197] [INFO] [AUDIO_UTILS] [TRACE ENTER] save_position_to_config(pos_bytes=3022892, pos_sec=47.232)
[2000-01-01 00:00:23.392] [INFO] [AUDIO_UTILS] Сохранена позиция воспроизведения в config.json: 3022892 B (47.23 сек)
[2000-01-01 00:00:23.504] [INFO] [AUDIO_UTILS] [TRACE EXIT] save_position_to_config
[2000-01-01 00:00:23.554] [INFO] [AUDIO_UTILS] [TRACE ENTER] deinit_hardware_i2s()
[2000-01-01 00:00:23.605] [INFO] [AUDIO_UTILS] [TRACE EXIT] deinit_hardware_i2s
[2000-01-01 00:00:23.662] [INFO] [AUDIO_UTILS] Воспроизведение аудиофайла полностью завершено, I2S освобожден.
[2000-01-01 00:00:23.716] [INFO] [AUDIO_UTILS] [TRACE EXIT] play_audio_track -> True
[2000-01-01 00:00:23.767] [INFO] [BOOT_AUDIO] [TRACE EXIT] StandaloneBootPlayer.play -> True
[2000-01-01 00:00:23.818] [INFO] [BOOT_AUDIO] [TRACE EXIT] run_boot_audio -> completed
[2000-01-01 00:00:23.882] [INFO] [MAIN] Загрузка тяжелых сетевых и асинхронных модулей...
[2000-01-01 00:00:24.295] [INFO] [SECURITY]  Entering __init__ SecurityManager(ttl_seconds=60)
[2000-01-01 00:00:24.349] [INFO] [SECURITY]  Exiting __init__ SecurityManager: TTL for Nonce = 60 seconds
[2000-01-01 00:00:24.551] [INFO] [POWER_MGR] [TRACE ENTER] PowerManager.__init__(pin_num=4)
[2000-01-01 00:00:24.611] [INFO] [POWER_MGR] [TRACE EXIT] PowerManager.__init__
[2000-01-01 00:00:25.950] [INFO] [AUDIO] [TRACE ENTER] AudioPlayer.__init__()
[2000-01-01 00:00:26.012] [INFO] [AUDIO] [TRACE EXIT] AudioPlayer.__init__
[2000-01-01 00:00:26.072] [INFO] [MAIN] Инициализация сетевых интерфейсов и веб-сервера Microdot...
[2000-01-01 00:00:26.123] [INFO] [NETWORK] [TRACE ENTER] setup_network()
[2000-01-01 00:00:26.174] [INFO] [NETWORK] Установлено сетевое имя устройства (mDNS): bell555
[2000-01-01 00:00:27.224] [INFO] [SECURITY]  Entering decrypt_str
[2000-01-01 00:00:27.285] [INFO] [SECURITY]  Entering _get_aes_key_and_iv
[2000-01-01 00:00:27.345] [INFO] [SECURITY]  Exiting _get_aes_key_and_iv
[2000-01-01 00:00:27.406] [INFO] [SECURITY]  Exiting decrypt_str
[2000-01-01 00:00:27.615] [INFO] [NETWORK] Подключение к роутеру 'MyHome_555'...
[2000-01-01 00:00:29.780] [INFO] [NETWORK] Подключено к роутеру! Выделенный IP: 192.168.0.190
[2000-01-01 00:00:29.839] [INFO] [NETWORK] [TRACE EXIT] setup_network -> STA, 192.168.0.190
[2000-01-01 00:00:29.899] [INFO] [POWER_MGR] [TRACE ENTER] PowerManager.start_hardware_timeout(mode=STA, timeout_sec=10)
[2000-01-01 00:00:29.960] [INFO] [POWER_MGR] [TRACE ENTER] PowerManager.set_timeout(timeout_sec=10)
[2000-01-01 00:00:30.031] [INFO] [POWER_MGR] [TRACE ENTER] PowerManager.notify_activity()
[2000-01-01 00:00:30.101] [INFO] [POWER_MGR] [TRACE EXIT] PowerManager.notify_activity
[2000-01-01 00:00:30.172] [INFO] [INDICATOR] [TRACE ENTER] set_led_mode(mode=police)
[2000-01-01 00:00:30.252] [INFO] [INDICATOR] [INDICATOR] Режим индикации успешно переключен на: 'police'
[2000-01-01 00:00:31.554] [INFO] [INDICATOR] [TRACE EXIT] set_led_mode
[2000-01-01 00:00:31.634] [INFO] [POWER_MGR] [POWER_MGR] Новый таймаут: 10 сек.
[2000-01-01 00:00:31.714] [INFO] [POWER_MGR] [TRACE EXIT] PowerManager.set_timeout
[2000-01-01 00:00:31.785] [INFO] [POWER_MGR] [TRACE EXIT] PowerManager.start_hardware_timeout
[2000-01-01 00:00:31.912] [INFO] [SERVER] [TRACE ENTER] init_server(config_keys=['repeat_count', 'i2s_ws_pin', 'server_host', 'i2s_bck_pin', 'smart_timeout_sec', 'max_file_size', 'hostname', 'ap_ssid', 'last_play_pos_bytes', 'wifi_ssid', 'boot_mode', 'allowed_origins', 'i2s_id', 'server_port', 'fade_out_ms', 'i2s_sd_pin', 'html_index_path', 'last_play_pos_sec', 'media_dir', 'wifi_password', 'key_path', 'ap_ip', 'allowed_extensions', 'upload_password', 'resume_playback', 'encrypted_fields', 'cert_path', 'target_filename', 'ap_password', 'max_play_duration_sec'])
[2000-01-01 00:00:31.999] [INFO] [SECURITY]  Entering __init__ SecurityManager(ttl_seconds=60)
[2000-01-01 00:00:32.080] [INFO] [SECURITY]  Exiting __init__ SecurityManager: TTL for Nonce = 60 seconds
[2000-01-01 00:00:32.206] [INFO] [SERVER] [TRACE EXIT] init_server -> app ready
[2000-01-01 00:00:32.255] [INFO] [MAIN] Запуск Microdot веб-сервера на 0.0.0.0:443...
[2000-01-01 00:00:32.295] [INFO] [MAIN] Доступ к панели управления по IP: https://192.168.0.190
[2000-01-01 00:00:32.342] [INFO] [MAIN] Доступ к панели управления по имени: https://bell555 или https://bell555.local
[2000-01-01 00:00:32.387] [INFO] [SERVER] [TRACE ENTER] start_server(host=0.0.0.0, port=443)
[2000-01-01 00:00:32.463] [INFO] [SERVER] Запуск Microdot HTTPS на 0.0.0.0:443...
[2000-01-01 00:00:32.518] [INFO] [INDICATOR] [TRACE ENTER] start_led_loop(pin_num=48)
[2000-01-01 00:00:40.792] [INFO] [POWER_MGR] [SMART TIMEOUT END] Выход с обесточиванием системы (10 сек без активности)...
[2000-01-01 00:00:40.849] [INFO] [POWER_MGR] [TRACE ENTER] PowerManager.shutdown()
[2000-01-01 00:00:40.912] [INFO] [POWER_MGR] [RELAY OFF] Отключение реле: Система обесточивается (GPIO4 = LOW)
[2000-01-01 00:00:41.061] [INFO] [POWER_MGR] ================= [TRACE EXIT] PowerManager.shutdown =================
